---
source: fmt_import/src/import_manager.rs
expression: processor.find_all_imports(content)
---
[
    ImportBlock {
        start_idx: 1,
        end_index: 4,
        imports: [
            "            use crate::import_manager::Import::MultiLine;",
            "            use crate::import_manager::Import::SingleLine;",
        ],
    },
]
