---
source: fmt_import/src/import_manager.rs
expression: processor.find_all_imports(content)
---
[
    ImportBlock {
        start_idx: 1,
        end_index: 14,
        imports: [
            "            use crate::import_manager::ImportProcessor;",
            "            use crate::Config;",
            "            use eyre::{Context, Result};",
            "            use ignore::gitignore::{Gitignore, GitignoreBuilder};",
            "            use std::path::{Path, PathBuf};",
            "            use crate::import_manager::Import::MultiLine;",
            "            use crate::import_manager::Import::SingleLine;",
            "            use std::ffi::OsStr;",
            "            use ignore::Walk;",
        ],
    },
]
